// Jest Snapshot v1, https://goo.gl/fbAQLP

exports[`Products entire component matches the snapshot 1`] = `
<div>
  <h1>
    Products
  </h1>
  <div>
    <p>
      diamond saw
    </p>
  </div>
  <div>
    <p>
      tool belt
    </p>
  </div>
  <div>
    <p>
      hammer
    </p>
  </div>
</div>
`;
